errors1
errors2
errors3